/malware/EICAR: Eicar-Test-Signature FOUND

----------- SCAN SUMMARY -----------
Known viruses: 6303513
Engine version: 0.99.2
Scanned directories: 0
Scanned files: 1
Infected files: 1
Data scanned: 0.00 MB
Data read: 0.00 MB (ratio 0.00:1)
Time: 15.183 sec (0 m 15 s)
