BitDefender Antivirus Scanner for Unices v7.141118 Linux-amd64
Copyright (C) 1996-2014 BitDefender. All rights reserved.
This program is licensed for home or personal use only.
Usage in an office or production environment represents
a violation of the license terms

Infected file action: ignore
Suspected file action: ignore
/malware/EICAR  infected: EICAR-Test-File (not a virus)


Results:
Folders            : 0
Files              : 1
Packed             : 0
Archives           : 0
Infected files     : 1
Suspect files      : 0
Identified viruses : 1
I/O errors         : 0

