kav4fs-supervisor -> started
Objects scanned:     1
Threats found:       1
Riskware found:      0
Infected:            1
Suspicious:          0
Cured:               0
Moved to quarantine: 0
Removed:             0
Not cured:           0
Scan errors:         0
Password protected:  0
Corrupted:           0
Viruses found: 1
Virus name:       EICAR-Test-File
Infected objects: 1

