 * Starting Kaspersky Lab Framework Supervisor kav4fs-supervisor
   ...done.
License status:
	Aggregate expiration date:           2019-03-12
	Days remaining until expiration:     30
	Functionality:                       Full functionality
	License status:                      Valid
	Active license number:               1D64-0003F5-572B42CD
