 * Starting Kaspersky Lab Framework Supervisor kav4fs-supervisor
   ...done.
Name:                Kaspersky Anti-Virus for Linux File Server
Version:             8.0.4.312
Install date:        2019-02-10 01:04:56
License state:       Installed
License expire date: 2019-03-12

