
F-PROT Antivirus CLS version 6.7.10.6267, 32bit (built: 2012-03-27T12-34-14)


FRISK Software International (C) Copyright 1989-2011
Engine version:   4.6.5.141
Arguments:        --version 
Virus signatures: 201902092248
                  (/opt/f-prot/antivir.def)

